warning: unused import: `anyhow::Result`
 --> crates/moe-core/src/training/tuner.rs:6:5
  |
6 | use anyhow::Result;
  |     ^^^^^^^^^^^^^^
  |
  = note: `#[warn(unused_imports)]` (part of `#[warn(unused)]`) on by default

warning: unnecessary parentheses around closure body
  --> crates/moe-core/src/pipelines/dataset_gen.rs:20:22
   |
20 |             .map(|i| ((i % 3) as u8 + 48)) // '0', '1', '2' (mapped to ternary -1, 0, 1)
   |                      ^                  ^
   |
   = note: `#[warn(unused_parens)]` (part of `#[warn(unused)]`) on by default
help: remove these parentheses
   |
20 -             .map(|i| ((i % 3) as u8 + 48)) // '0', '1', '2' (mapped to ternary -1, 0, 1)
20 +             .map(|i| (i % 3) as u8 + 48) // '0', '1', '2' (mapped to ternary -1, 0, 1)
   |

warning: unused import: `std::path::Path`
 --> crates/moe-core/src/pipelines/dataset_harvester.rs:8:5
  |
8 | use std::path::Path;
  |     ^^^^^^^^^^^^^^^

warning: unused variable: `history`
  --> crates/moe-core/src/training/tuner.rs:23:37
   |
23 |     pub fn suggest_threshold(&self, history: &[(f32, f32)]) -> f32 {
   |                                     ^^^^^^^ help: if this is intentional, prefix it with an underscore: `_history`
   |
   = note: `#[warn(unused_variables)]` (part of `#[warn(unused)]`) on by default

warning: unused variable: `data`
  --> crates/moe-core/src/training/controller.rs:27:13
   |
27 |         let data = self.pipeline.ingest_stream(shard_path).await?;
   |             ^^^^ help: if this is intentional, prefix it with an underscore: `_data`

warning: `moe-core` (lib) generated 5 warnings (run `cargo fix --lib -p moe-core` to apply 5 suggestions)
   Compiling moe-core v1.1.0 (/home/eri-irfos/projects/ternary-intelligence-stack/albert-moe-13/crates/moe-core)
warning: unused import: `Duration`
  --> crates/moe-core/src/bin/hardened_bench.rs:10:26
   |
10 | use std::time::{Instant, Duration};
   |                          ^^^^^^^^
   |
   = note: `#[warn(unused_imports)]` (part of `#[warn(unused)]`) on by default

warning: `moe-core` (bin "hardened_bench") generated 1 warning (run `cargo fix --bin "hardened_bench" -p moe-core` to apply 1 suggestion)
    Finished `release` profile [optimized] target(s) in 0.38s
     Running `target/release/hardened_bench`
Running point: 0.00
Running point: 0.05
Running point: 0.10
Running point: 0.15
Running point: 0.20
Running point: 0.30
Running point: 0.40
Running point: 0.50
Running point: 0.60
Running point: 0.75
Running point: 0.90
