\BOOKMARK [1][-]{section.1}{\376\377\0001\000\040\000I\000n\000t\000r\000o\000d\000u\000c\000t\000i\000o\000n}{}% 1
\BOOKMARK [1][-]{section.2}{\376\377\0002\000\040\000B\000a\000c\000k\000g\000r\000o\000u\000n\000d\000:\000\040\000B\000a\000l\000a\000n\000c\000e\000d\000\040\000T\000e\000r\000n\000a\000r\000y}{}% 2
\BOOKMARK [2][-]{subsection.2.1}{\376\377\0002\000.\0001\000\040\000T\000r\000i\000t\000\040\000a\000r\000i\000t\000h\000m\000e\000t\000i\000c}{section.2}% 3
\BOOKMARK [2][-]{subsection.2.2}{\376\377\0002\000.\0002\000\040\000T\000h\000e\000\040\0002\000-\000b\000i\000t\000\040\000B\000E\000T\000\040\000e\000n\000c\000o\000d\000i\000n\000g}{section.2}% 4
\BOOKMARK [1][-]{section.3}{\376\377\0003\000\040\000T\000h\000e\000\040\000T\000e\000r\000n\000l\000a\000n\000g\000\040\000L\000a\000n\000g\000u\000a\000g\000e}{}% 5
\BOOKMARK [2][-]{subsection.3.1}{\376\377\0003\000.\0001\000\040\000D\000e\000s\000i\000g\000n\000\040\000p\000r\000i\000n\000c\000i\000p\000l\000e\000s}{section.3}% 6
\BOOKMARK [2][-]{subsection.3.2}{\376\377\0003\000.\0002\000\040\000C\000o\000r\000e\000\040\000l\000a\000n\000g\000u\000a\000g\000e\000\040\000c\000o\000n\000s\000t\000r\000u\000c\000t\000s}{section.3}% 7
\BOOKMARK [2][-]{subsection.3.3}{\376\377\0003\000.\0003\000\040\000T\000y\000p\000e\000\040\000s\000y\000s\000t\000e\000m}{section.3}% 8
\BOOKMARK [2][-]{subsection.3.4}{\376\377\0003\000.\0004\000\040\000T\000e\000r\000n\000a\000r\000y\000\040\000E\000r\000r\000o\000r\000\040\000P\000r\000o\000p\000a\000g\000a\000t\000i\000o\000n}{section.3}% 9
\BOOKMARK [2][-]{subsection.3.5}{\376\377\0003\000.\0005\000\040\000C\000r\000o\000s\000s\000-\000F\000i\000l\000e\000\040\000M\000o\000d\000u\000l\000e\000\040\000S\000y\000s\000t\000e\000m}{section.3}% 10
\BOOKMARK [2][-]{subsection.3.6}{\376\377\0003\000.\0006\000\040\000D\000i\000a\000g\000n\000o\000s\000t\000i\000c\000\040\000P\000h\000i\000l\000o\000s\000o\000p\000h\000y}{section.3}% 11
\BOOKMARK [1][-]{section.4}{\376\377\0004\000\040\000T\000h\000e\000\040\000B\000E\000T\000\040\000I\000n\000s\000t\000r\000u\000c\000t\000i\000o\000n\000\040\000S\000e\000t\000\040\000A\000r\000c\000h\000i\000t\000e\000c\000t\000u\000r\000e}{}% 12
\BOOKMARK [2][-]{subsection.4.1}{\376\377\0004\000.\0001\000\040\000M\000a\000c\000h\000i\000n\000e\000\040\000m\000o\000d\000e\000l}{section.4}% 13
\BOOKMARK [2][-]{subsection.4.2}{\376\377\0004\000.\0002\000\040\000I\000n\000s\000t\000r\000u\000c\000t\000i\000o\000n\000\040\000e\000n\000c\000o\000d\000i\000n\000g}{section.4}% 14
\BOOKMARK [1][-]{section.5}{\376\377\0005\000\040\000S\000p\000a\000r\000s\000e\000\040\000T\000e\000r\000n\000a\000r\000y\000\040\000I\000n\000f\000e\000r\000e\000n\000c\000e}{}% 15
\BOOKMARK [2][-]{subsection.5.1}{\376\377\0005\000.\0001\000\040\000T\000e\000r\000n\000a\000r\000y\000\040\000q\000u\000a\000n\000t\000i\000z\000a\000t\000i\000o\000n}{section.5}% 16
\BOOKMARK [2][-]{subsection.5.2}{\376\377\0005\000.\0002\000\040\000T\000h\000e\000\040\000@\000s\000p\000a\000r\000s\000e\000s\000k\000i\000p\000\040\000d\000i\000r\000e\000c\000t\000i\000v\000e\000\040\000a\000n\000d\000\040\000T\000S\000P\000A\000R\000S\000E\000\137\000M\000A\000T\000M\000U\000L}{section.5}% 17
\BOOKMARK [2][-]{subsection.5.3}{\376\377\0005\000.\0003\000\040\000B\000e\000n\000c\000h\000m\000a\000r\000k\000\040\000r\000e\000s\000u\000l\000t\000s}{section.5}% 18
\BOOKMARK [2][-]{subsection.5.4}{\376\377\0005\000.\0004\000\040\000R\000e\000a\000l\000\040\000H\000a\000r\000d\000w\000a\000r\000e\000\040\000V\000a\000l\000i\000d\000a\000t\000i\000o\000n\000:\000\040\000A\000V\000X\0002\000\040\000S\000I\000M\000D\000\040\000P\000r\000o\000d\000u\000c\000t\000i\000o\000n\000\040\000B\000e\000n\000c\000h\000m\000a\000r\000k\000s}{section.5}% 19
\BOOKMARK [1][-]{section.6}{\376\377\0006\000\040\000H\000a\000r\000d\000w\000a\000r\000e\000\040\000B\000a\000c\000k\000e\000n\000d}{}% 20
\BOOKMARK [2][-]{subsection.6.1}{\376\377\0006\000.\0001\000\040\000V\000e\000r\000i\000l\000o\000g\000-\0002\0000\0000\0001\000\040\000p\000r\000i\000m\000i\000t\000i\000v\000e\000s}{section.6}% 21
\BOOKMARK [2][-]{subsection.6.2}{\376\377\0006\000.\0002\000\040\000S\000p\000a\000r\000s\000e\000\040\000m\000a\000t\000m\000u\000l\000\040\000a\000r\000r\000a\000y}{section.6}% 22
\BOOKMARK [2][-]{subsection.6.3}{\376\377\0006\000.\0003\000\040\000B\000E\000T\000\040\000p\000r\000o\000c\000e\000s\000s\000o\000r}{section.6}% 23
\BOOKMARK [1][-]{section.7}{\376\377\0007\000\040\000N\000a\000t\000i\000v\000e\000\040\000C\000o\000m\000p\000i\000l\000a\000t\000i\000o\000n\000:\000\040\000A\000S\000T\000-\000t\000o\000-\000C\000\040\000B\000a\000c\000k\000e\000n\000d}{}% 24
\BOOKMARK [2][-]{subsection.7.1}{\376\377\0007\000.\0001\000\040\000T\000r\000a\000n\000s\000p\000i\000l\000a\000t\000i\000o\000n\000\040\000A\000r\000c\000h\000i\000t\000e\000c\000t\000u\000r\000e}{section.7}% 25
\BOOKMARK [2][-]{subsection.7.2}{\376\377\0007\000.\0002\000\040\000L\000a\000n\000g\000u\000a\000g\000e\000\040\000C\000o\000n\000s\000t\000r\000u\000c\000t\000\040\000M\000a\000p\000p\000i\000n\000g}{section.7}% 26
\BOOKMARK [1][-]{section.8}{\376\377\0008\000\040\000A\000c\000t\000o\000r\000\040\000M\000o\000d\000e\000l\000\040\000a\000n\000d\000\040\000D\000i\000s\000t\000r\000i\000b\000u\000t\000e\000d\000\040\000R\000u\000n\000t\000i\000m\000e}{}% 27
\BOOKMARK [2][-]{subsection.8.1}{\376\377\0008\000.\0001\000\040\000L\000o\000c\000a\000l\000\040\000a\000c\000t\000o\000r\000s}{section.8}% 28
\BOOKMARK [2][-]{subsection.8.2}{\376\377\0008\000.\0002\000\040\000D\000i\000s\000t\000r\000i\000b\000u\000t\000e\000d\000\040\000a\000c\000t\000o\000r\000s}{section.8}% 29
\BOOKMARK [1][-]{section.9}{\376\377\0009\000\040\000T\000e\000r\000n\000a\000r\000y\000\040\000A\000I\000\040\000R\000e\000a\000s\000o\000n\000i\000n\000g\000\040\000T\000o\000o\000l\000k\000i\000t}{}% 30
\BOOKMARK [2][-]{subsection.9.1}{\376\377\0009\000.\0001\000\040\000D\000e\000l\000i\000b\000e\000r\000a\000t\000i\000o\000n\000\040\000E\000n\000g\000i\000n\000e}{section.9}% 31
\BOOKMARK [2][-]{subsection.9.2}{\376\377\0009\000.\0002\000\040\000C\000o\000a\000l\000i\000t\000i\000o\000n\000\040\000V\000o\000t\000e}{section.9}% 32
\BOOKMARK [2][-]{subsection.9.3}{\376\377\0009\000.\0003\000\040\000A\000c\000t\000i\000o\000n\000\040\000G\000a\000t\000e}{section.9}% 33
\BOOKMARK [2][-]{subsection.9.4}{\376\377\0009\000.\0004\000\040\000S\000c\000a\000l\000a\000r\000\040\000T\000e\000m\000p\000e\000r\000a\000t\000u\000r\000e\000\040\000a\000n\000d\000\040\000H\000a\000l\000l\000u\000c\000i\000n\000a\000t\000i\000o\000n\000\040\000S\000c\000o\000r\000e}{section.9}% 34
\BOOKMARK [1][-]{section.10}{\376\377\0001\0000\000\040\000M\000o\000E\000-\0001\0003\000\040\000T\000e\000r\000n\000a\000r\000y\000\040\000O\000r\000c\000h\000e\000s\000t\000r\000a\000t\000o\000r}{}% 35
\BOOKMARK [2][-]{subsection.10.1}{\376\377\0001\0000\000.\0001\000\040\000S\000i\000x\000-\000D\000i\000m\000e\000n\000s\000i\000o\000n\000a\000l\000\040\000C\000o\000m\000p\000e\000t\000e\000n\000c\000e\000\040\000S\000p\000a\000c\000e}{section.10}% 36
\BOOKMARK [2][-]{subsection.10.2}{\376\377\0001\0000\000.\0002\000\040\000D\000u\000a\000l\000-\000K\000e\000y\000\040\000S\000y\000n\000e\000r\000g\000i\000s\000t\000i\000c\000\040\000R\000o\000u\000t\000i\000n\000g}{section.10}% 37
\BOOKMARK [2][-]{subsection.10.3}{\376\377\0001\0000\000.\0003\000\040\0001\000+\0001\000=\0003\000\040\000T\000r\000i\000a\000d\000\040\000S\000y\000n\000t\000h\000e\000s\000i\000s}{section.10}% 38
\BOOKMARK [2][-]{subsection.10.4}{\376\377\0001\0000\000.\0004\000\040\000S\000a\000f\000e\000t\000y\000\040\000H\000a\000r\000d\000\040\000G\000a\000t\000e\000\040\000a\000n\000d\000\040\000A\000x\000i\000s\000-\0006\000\040\000V\000e\000t\000o}{section.10}% 39
\BOOKMARK [2][-]{subsection.10.5}{\376\377\0001\0000\000.\0005\000\040\000H\000o\000l\000d\000\040\000S\000t\000a\000t\000e\000\040\000a\000n\000d\000\040\000T\000i\000e\000b\000r\000e\000a\000k\000e\000r}{section.10}% 40
\BOOKMARK [2][-]{subsection.10.6}{\376\377\0001\0000\000.\0006\000\040\000T\000h\000r\000e\000e\000-\000T\000i\000e\000r\000\040\000M\000e\000m\000o\000r\000y\000\040\000M\000e\000s\000h}{section.10}% 41
\BOOKMARK [2][-]{subsection.10.7}{\376\377\0001\0000\000.\0007\000\040\000N\000i\000n\000e\000-\000S\000t\000e\000p\000\040\000I\000n\000f\000e\000r\000e\000n\000c\000e\000\040\000P\000i\000p\000e\000l\000i\000n\000e}{section.10}% 42
\BOOKMARK [2][-]{subsection.10.8}{\376\377\0001\0000\000.\0008\000\040\000T\000h\000i\000r\000t\000e\000e\000n\000-\000A\000g\000e\000n\000t\000\040\000D\000u\000a\000l\000-\000S\000i\000g\000n\000a\000l\000\040\000D\000e\000l\000i\000b\000e\000r\000a\000t\000i\000o\000n}{section.10}% 43
\BOOKMARK [2][-]{subsection.10.9}{\376\377\0001\0000\000.\0009\000\040\000I\000n\000t\000r\000o\000s\000p\000e\000c\000t\000i\000v\000e\000\040\000H\000o\000l\000d\000:\000\040\000T\000h\000e\000\040\000S\000t\000a\000b\000l\000e\000\040\000A\000t\000t\000r\000a\000c\000t\000o\000r}{section.10}% 44
\BOOKMARK [2][-]{subsection.10.10}{\376\377\0001\0000\000.\0001\0000\000\040\000O\000r\000c\000h\000e\000s\000t\000r\000a\000t\000e\000-\000F\000u\000l\000l\000:\000\040\000T\000h\000i\000r\000t\000e\000e\000n\000-\000S\000u\000b\000s\000t\000a\000g\000e\000\040\000P\000i\000p\000e\000l\000i\000n\000e}{section.10}% 45
\BOOKMARK [2][-]{subsection.10.11}{\376\377\0001\0000\000.\0001\0001\000\040\000M\000C\000P\000\040\000E\000x\000p\000o\000s\000u\000r\000e}{section.10}% 46
\BOOKMARK [1][-]{section.11}{\376\377\0001\0001\000\040\000A\000l\000b\000e\000r\000t\000\040\000M\000o\000E\000-\0001\0003\000:\000\040\000A\000u\000t\000o\000n\000o\000m\000o\000u\000s\000\040\000T\000r\000a\000i\000n\000i\000n\000g\000\040\000o\000n\000\040\000C\000o\000n\000s\000u\000m\000e\000r\000\040\000C\000P\000U\000\040\000H\000a\000r\000d\000w\000a\000r\000e}{}% 47
\BOOKMARK [2][-]{subsection.11.1}{\376\377\0001\0001\000.\0001\000\040\000A\000r\000c\000h\000i\000t\000e\000c\000t\000u\000r\000e}{section.11}% 48
\BOOKMARK [2][-]{subsection.11.2}{\376\377\0001\0001\000.\0002\000\040\000T\000h\000e\000\040\000E\000v\000o\000l\000u\000t\000i\000o\000n\000M\000a\000n\000a\000g\000e\000r\000:\000\040\000A\000u\000t\000o\000n\000o\000m\000o\000u\000s\000\040\000A\000r\000c\000h\000i\000t\000e\000c\000t\000u\000r\000a\000l\000\040\000G\000r\000o\000w\000t\000h}{section.11}% 49
\BOOKMARK [2][-]{subsection.11.3}{\376\377\0001\0001\000.\0003\000\040\000S\000u\000r\000g\000e\000r\000y\000\040\000a\000t\000\040\000S\000c\000a\000l\000e\000:\000\040\000T\000h\000e\000\040\000E\000c\000o\000n\000o\000m\000i\000c\000\040\000A\000r\000g\000u\000m\000e\000n\000t\000\040\000f\000o\000r\000\040\000A\000u\000t\000o\000n\000o\000m\000o\000u\000s\000\040\000I\000n\000t\000e\000r\000v\000e\000n\000t\000i\000o\000n}{section.11}% 50
\BOOKMARK [2][-]{subsection.11.4}{\376\377\0001\0001\000.\0004\000\040\000T\000r\000a\000i\000n\000i\000n\000g\000\040\000E\000f\000f\000i\000c\000i\000e\000n\000c\000y\000:\000\040\000T\000h\000e\000\040\0005\0000\000\040\000S\000p\000e\000e\000d\000u\000p}{section.11}% 51
\BOOKMARK [2][-]{subsection.11.5}{\376\377\0001\0001\000.\0005\000\040\000T\000e\000r\000n\000a\000r\000y\000\040\000T\000r\000a\000i\000n\000i\000n\000g\000\040\000I\000n\000n\000o\000v\000a\000t\000i\000o\000n\000s}{section.11}% 52
\BOOKMARK [2][-]{subsection.11.6}{\376\377\0001\0001\000.\0006\000\040\000v\0003\000.\0000\000:\000\040\000V\000o\000c\000a\000b\000u\000l\000a\000r\000y\000\040\000S\000u\000r\000g\000e\000r\000y\000\040\000a\000n\000d\000\040\000M\000u\000l\000t\000i\000l\000i\000n\000g\000u\000a\000l\000\040\000C\000o\000r\000p\000u\000s}{section.11}% 53
\BOOKMARK [2][-]{subsection.11.7}{\376\377\0001\0001\000.\0007\000\040\000T\000L\000I\000G\000H\000T\000:\000\040\000P\000e\000r\000-\000E\000x\000p\000e\000r\000t\000\040\000T\000e\000r\000n\000a\000r\000y\000\040\000T\000r\000a\000f\000f\000i\000c\000\040\000L\000i\000g\000h\000t}{section.11}% 54
\BOOKMARK [2][-]{subsection.11.8}{\376\377\0001\0001\000.\0008\000\040\000E\000p\000o\000c\000h\000-\000G\000a\000t\000e\000d\000\040\000R\000o\000u\000t\000i\000n\000g\000\040\000L\000o\000t\000t\000e\000r\000y}{section.11}% 55
\BOOKMARK [2][-]{subsection.11.9}{\376\377\0001\0001\000.\0009\000\040\000@\000s\000p\000a\000r\000s\000e\000s\000k\000i\000p\000\040\000L\000i\000v\000e\000\040\000I\000n\000f\000e\000r\000e\000n\000c\000e\000:\000\040\0007\0005\000\045\000\040\000E\000x\000p\000e\000r\000t\000\040\000S\000k\000i\000p\000\040\000o\000n\000\040\000C\000o\000n\000s\000u\000m\000e\000r\000\040\000C\000P\000U}{section.11}% 56
\BOOKMARK [2][-]{subsection.11.10}{\376\377\0001\0001\000.\0001\0000\000\040\000G\000r\000a\000d\000i\000e\000n\000t\000\040\000A\000c\000c\000u\000m\000u\000l\000a\000t\000i\000o\000n\000\040\000a\000s\000\040\000T\000e\000r\000n\000a\000r\000y\000\040\000H\000o\000l\000d}{section.11}% 57
\BOOKMARK [2][-]{subsection.11.11}{\376\377\0001\0001\000.\0001\0001\000\040\000T\000r\000a\000i\000n\000i\000n\000g\000\040\000R\000e\000s\000u\000l\000t\000s}{section.11}% 58
\BOOKMARK [2][-]{subsection.11.12}{\376\377\0001\0001\000.\0001\0002\000\040\000E\000x\000p\000e\000r\000i\000m\000e\000n\000t\000a\000l\000\040\000T\000r\000a\000i\000n\000i\000n\000g\000\040\000M\000e\000t\000h\000o\000d\000o\000l\000o\000g\000y\000:\000\040\000A\000\040\000P\000h\000a\000s\000e\000-\000b\000y\000-\000P\000h\000a\000s\000e\000\040\000A\000c\000c\000o\000u\000n\000t}{section.11}% 59
\BOOKMARK [3][-]{subsubsection.11.12.1}{\376\377\0001\0001\000.\0001\0002\000.\0001\000\040\000P\000h\000a\000s\000e\000\040\0001\000\040\040\024\000\040\000H\000a\000r\000d\000w\000a\000r\000e\000\040\000T\000r\000a\000n\000s\000i\000t\000i\000o\000n\000\040\000a\000n\000d\000\040\000G\000P\000U\000\040\000M\000i\000g\000r\000a\000t\000i\000o\000n}{subsection.11.12}% 60
\BOOKMARK [3][-]{subsubsection.11.12.2}{\376\377\0001\0001\000.\0001\0002\000.\0002\000\040\000M\000u\000l\000t\000i\000-\000e\000p\000o\000c\000h\000\040\000c\000o\000r\000p\000u\000s\000\040\000e\000f\000f\000i\000c\000i\000e\000n\000c\000y\000\040\000a\000n\000d\000\040\000t\000e\000r\000n\000a\000r\000y\000\040\000S\000T\000E\000\040\000d\000y\000n\000a\000m\000i\000c\000s}{subsection.11.12}% 61
\BOOKMARK [3][-]{subsubsection.11.12.3}{\376\377\0001\0001\000.\0001\0002\000.\0003\000\040\000P\000h\000a\000s\000e\000\040\0002\000\040\040\024\000\040\000N\000a\000s\000h\000\040\000E\000q\000u\000i\000l\000i\000b\000r\000i\000u\000m\000\040\000C\000o\000l\000l\000a\000p\000s\000e\000\040\000\050\000E\000p\0008\0003\040\023\0001\0000\0004\000\051}{subsection.11.12}% 62
\BOOKMARK [3][-]{subsubsection.11.12.4}{\376\377\0001\0001\000.\0001\0002\000.\0004\000\040\000P\000h\000a\000s\000e\000\040\0003\000\040\040\024\000\040\000S\000y\000m\000m\000e\000t\000r\000y\000\040\000B\000r\000e\000a\000k\000i\000n\000g\000\040\000v\000i\000a\000\040\000E\000x\000p\000e\000r\000t\000\040\000S\000e\000e\000d\000\040\000B\000i\000a\000s\000e\000s\000\040\000\050\000E\000p\0001\0000\0005\040\023\000\051}{subsection.11.12}% 63
\BOOKMARK [3][-]{subsubsection.11.12.5}{\376\377\0001\0001\000.\0001\0002\000.\0005\000\040\000P\000h\000a\000s\000e\000\040\0004\000\040\040\024\000\040\000W\000A\000L\000D\000\040\000C\000o\000v\000e\000r\000a\000g\000e\000\040\000M\000o\000n\000i\000t\000o\000r\000\040\000a\000n\000d\000\040\000S\000t\000r\000u\000c\000t\000u\000r\000a\000l\000\040\000P\000l\000a\000t\000e\000a\000u\000\040\000D\000e\000t\000e\000c\000t\000i\000o\000n}{subsection.11.12}% 64
\BOOKMARK [3][-]{subsubsection.11.12.6}{\376\377\0001\0001\000.\0001\0002\000.\0006\000\040\000O\000b\000s\000e\000r\000v\000e\000d\000\040\000L\000o\000s\000s\000\040\000T\000r\000a\000j\000e\000c\000t\000o\000r\000y\000:\000\040\000-\0000\000.\0000\0000\0001\000\040\000N\000a\000t\000s\000\040\000P\000e\000r\000\040\000E\000p\000o\000c\000h}{subsection.11.12}% 65
\BOOKMARK [2][-]{subsection.11.13}{\376\377\0001\0001\000.\0001\0003\000\040\000I\000n\000f\000e\000r\000e\000n\000c\000e\000:\000\040\000H\000a\000r\000d\000w\000a\000r\000e\000-\000P\000o\000r\000t\000a\000b\000l\000e\000\040\000@\000s\000p\000a\000r\000s\000e\000s\000k\000i\000p\000\040\000T\000h\000r\000o\000u\000g\000h\000p\000u\000t}{section.11}% 66
\BOOKMARK [2][-]{subsection.11.14}{\376\377\0001\0001\000.\0001\0004\000\040\000L\000a\000s\000t\000\040\000L\000o\000o\000k\000\040\000B\000a\000c\000k\000\040\000\050\000L\000L\000B\000\051\000\040\000S\000a\000f\000e\000t\000y\000\040\000P\000r\000o\000t\000o\000c\000o\000l}{section.11}% 67
\BOOKMARK [3][-]{subsubsection.11.14.1}{\376\377\0001\0001\000.\0001\0004\000.\0001\000\040\000P\000h\000a\000s\000e\000\040\0005\000\040\040\024\000\040\000D\000e\000e\000p\000\040\000M\000u\000l\000t\000i\000l\000i\000n\000g\000u\000a\000l\000\040\000T\000r\000a\000i\000n\000i\000n\000g\000\040\000a\000n\000d\000\040\000A\000u\000t\000o\000n\000o\000m\000o\000u\000s\000\040\000A\000r\000c\000h\000i\000t\000e\000c\000t\000u\000r\000e\000\040\000G\000r\000o\000w\000t\000h\000\040\000\050\000E\000p\0001\0004\0003\040\023\0002\0000\0004\0005\000\051}{subsection.11.14}% 68
\BOOKMARK [2][-]{subsection.11.15}{\376\377\0001\0001\000.\0001\0005\000\040\000C\000r\000o\000s\000s\000-\000L\000i\000n\000g\000u\000a\000l\000\040\000S\000e\000m\000a\000n\000t\000i\000c\000\040\000B\000r\000o\000a\000d\000c\000a\000s\000t\000i\000n\000g}{section.11}% 69
\BOOKMARK [2][-]{subsection.11.16}{\376\377\0001\0001\000.\0001\0006\000\040\000M\000y\000c\000e\000l\000i\000u\000m\000\040\000I\000n\000s\000p\000e\000c\000t\000o\000r\000:\000\040\000R\000e\000a\000l\000-\000T\000i\000m\000e\000\040\000I\000n\000t\000e\000r\000n\000a\000l\000\040\000O\000b\000s\000e\000r\000v\000a\000b\000i\000l\000i\000t\000y}{section.11}% 70
\BOOKMARK [2][-]{subsection.11.17}{\376\377\0001\0001\000.\0001\0007\000\040\000S\000o\000v\000e\000r\000e\000i\000g\000n\000\040\000O\000b\000s\000e\000r\000v\000a\000b\000i\000l\000i\000t\000y\000:\000\040\000T\000h\000e\000\040\000P\000a\000u\000s\000e\000-\000I\000n\000v\000e\000s\000t\000i\000g\000a\000t\000e\000-\000R\000e\000s\000u\000m\000e\000\040\000P\000r\000o\000t\000o\000c\000o\000l}{section.11}% 71
\BOOKMARK [1][-]{section.12}{\376\377\0001\0002\000\040\000Q\000u\000t\000r\000i\000t\000\040\000N\000e\000u\000r\000a\000l\000\040\000N\000e\000t\000w\000o\000r\000k\000s\000\040\000a\000n\000d\000\040\000T\000e\000r\000n\000l\000a\000n\000g}{}% 72
\BOOKMARK [2][-]{subsection.12.1}{\376\377\0001\0002\000.\0001\000\040\000T\000e\000s\000s\000e\000r\000a\000c\000t\000\040\000R\000e\000c\000u\000r\000s\000i\000v\000e\000\040\000S\000y\000n\000t\000a\000x\000\040\000S\000t\000a\000b\000i\000l\000i\000s\000a\000t\000i\000o\000n}{section.12}% 73
\BOOKMARK [2][-]{subsection.12.2}{\376\377\0001\0002\000.\0002\000\040\000Q\000N\000N\000\040\000E\000x\000a\000m\000p\000l\000e\000\040\000S\000u\000i\000t\000e}{section.12}% 74
\BOOKMARK [1][-]{section.13}{\376\377\0001\0003\000\040\000E\000U\000\040\000A\000I\000\040\000A\000c\000t\000\040\000C\000o\000m\000p\000l\000i\000a\000n\000c\000e\000\040\000A\000r\000c\000h\000i\000t\000e\000c\000t\000u\000r\000e}{}% 75
\BOOKMARK [2][-]{subsection.13.1}{\376\377\0001\0003\000.\0001\000\040\000T\000h\000e\000\040\000N\000a\000t\000u\000r\000a\000l\000\040\000R\000e\000g\000u\000l\000a\000t\000o\000r\000y\000\040\000C\000o\000r\000r\000e\000s\000p\000o\000n\000d\000e\000n\000c\000e}{section.13}% 76
\BOOKMARK [2][-]{subsection.13.2}{\376\377\0001\0003\000.\0002\000\040\000t\000e\000r\000n\000a\000u\000d\000i\000t\000-\000g\000u\000a\000r\000d}{section.13}% 77
\BOOKMARK [2][-]{subsection.13.3}{\376\377\0001\0003\000.\0003\000\040\000T\000h\000e\000\040\000T\000e\000n\000d\000\040\000S\000t\000a\000t\000e\000\040\000a\000s\000\040\000A\000l\000i\000g\000n\000m\000e\000n\000t\000\040\000P\000r\000i\000m\000i\000t\000i\000v\000e}{section.13}% 78
\BOOKMARK [2][-]{subsection.13.4}{\376\377\0001\0003\000.\0004\000\040\000G\000D\000P\000R\000\040\000a\000n\000d\000\040\000D\000a\000t\000a\000\040\000S\000o\000v\000e\000r\000e\000i\000g\000n\000t\000y}{section.13}% 79
\BOOKMARK [1][-]{section.14}{\376\377\0001\0004\000\040\000R\000e\000l\000a\000t\000e\000d\000\040\000W\000o\000r\000k}{}% 80
\BOOKMARK [1][-]{section.15}{\376\377\0001\0005\000\040\000T\000h\000e\000\040\000T\000e\000r\000n\000a\000r\000y\000\040\000C\000o\000m\000p\000u\000t\000i\000n\000g\000\040\000E\000c\000o\000s\000y\000s\000t\000e\000m}{}% 81
\BOOKMARK [1][-]{section.16}{\376\377\0001\0006\000\040\000I\000m\000p\000l\000e\000m\000e\000n\000t\000a\000t\000i\000o\000n\000\040\000S\000t\000a\000t\000u\000s}{}% 82
\BOOKMARK [1][-]{section.17}{\376\377\0001\0007\000\040\000C\000o\000n\000c\000l\000u\000s\000i\000o\000n\000\040\000a\000n\000d\000\040\000F\000u\000t\000u\000r\000e\000\040\000W\000o\000r\000k}{}% 83
